// Jest Snapshot v1, https://goo.gl/fbAQLP

exports[`Correctly TestResult render 1`] = `
<div
  className="test-result form-test__result"
>
  <p
    className="test-result__title"
  >
    НЕДОВЕР НЕДОВЕРЫЧ
  </p>
  <p
    className="test-result__text"
  >
    Ты знаешь марку самой натуральной колбасы, а также где максимально выгодно ее купить. Твой список покупок всегда наготове, и ты умело им распоряжаешься, не теряя голову при виде акционных товаров. Мудрость и рациональность в продуктовом шопинге – твоя отличительная черта, это очень ценные качества, береги их.
  </p>
</div>
`;
